PROGRESS:1:Preparing YouTube download...
PROGRESS:1:Downloading from YouTube... 0.0%
PROGRESS:1:Downloading from YouTube... 0.1%
PROGRESS:1:Downloading from YouTube... 0.2%
PROGRESS:1:Downloading from YouTube... 0.4%
PROGRESS:1:Downloading from YouTube... 0.8%
PROGRESS:1:Downloading from YouTube... 1.6%
PROGRESS:1:Downloading from YouTube... 3.3%
PROGRESS:1:Downloading from YouTube... 6.6%
PROGRESS:2:Downloading from YouTube... 13.2%
PROGRESS:3:Downloading from YouTube... 26.5%
PROGRESS:5:Downloading from YouTube... 52.9%
PROGRESS:10:Downloading from YouTube... 100.0%
PROGRESS:10:Download complete, extracting audio...
PROGRESS:12:Loading WhisperX model...
[0;93m2026-04-01 15:12:29.831789201 [W:onnxruntime:Default, device_discovery.cc:132 GetPciBusId] Skipping pci_bus_id for PCI path at "/sys/devices/LNXSYSTM:00/LNXSYBUS:00/ACPI0004:00/MSFT1000:00/5620e0c7-8062-4dce-aeb7-520c7ef76171" because filename ""5620e0c7-8062-4dce-aeb7-520c7ef76171"" dit not match expected pattern of [0-9a-f]+:[0-9a-f]+:[0-9a-f]+[.][0-9a-f]+[m
Lightning automatically upgraded your loaded checkpoint from v1.5.4 to v2.6.1. To apply the upgrade to your files permanently, run `python -m lightning.pytorch.utilities.upgrade_checkpoint python/.venv/lib/python3.13/site-packages/whisperx/assets/pytorch_model.bin`
PROGRESS:18:Loading audio...
PROGRESS:20:Transcribing...
PROGRESS:50:Aligning timestamps...
PROGRESS:60:Running speaker diarization...
PROGRESS:70:Diarization skipped (no HuggingFace token)
PROGRESS:85:Formatting output...
PROGRESS:100:Transcription complete
